[mainline] running Beckmann
Traceback (most recent call last):
  File "/root/autodl-tmp/ProSys/scripts/run_verified_mainline.py", line 120, in execute
    require_manifest(manifest, binding, output_files(family_dir))
  File "/root/autodl-tmp/ProSys/prosys_shared/cache_integrity.py", line 42, in require_manifest
    raise CacheMismatchError("Input, source or configuration fingerprint changed")
prosys_shared.cache_integrity.CacheMismatchError: Input, source or configuration fingerprint changed

The above exception was the direct cause of the following exception:

Traceback (most recent call last):
  File "/root/autodl-tmp/ProSys/scripts/run_verified_mainline.py", line 145, in <module>
    main()
  File "/root/autodl-tmp/ProSys/scripts/run_verified_mainline.py", line 141, in main
    pipeline.main()
  File "/root/autodl-tmp/ProSys/scripts/run_stage23_mainline_non_oracle.py", line 1025, in main
    family_result = _run_family(
  File "/root/autodl-tmp/ProSys/scripts/run_verified_mainline.py", line 110, in guarded
    return execute(bound)
  File "/root/autodl-tmp/ProSys/scripts/run_verified_mainline.py", line 122, in execute
    raise CacheMismatchError(f"Unsafe cache reuse at {family_dir}. Use a NEW output root or --force_rebuild. {exc}") from exc
prosys_shared.cache_integrity.CacheMismatchError: Unsafe cache reuse at /root/autodl-tmp/ProSys/outputs/verified_entrypoint_smoke_20260913/Beckmann. Use a NEW output root or --force_rebuild. Input, source or configuration fingerprint changed
